<?xml version="1.0" encoding="ISO-8859-1" ?>
<link_info>
   <banner>TI ARM Linker PC v20.2.7.LTS</banner>
   <copyright>Copyright (c) 1996-2018 Texas Instruments Incorporated</copyright>
   <link_time>0x6533e097</link_time>
   <link_errors>0x0</link_errors>
   <output_file>gpiointerrupt_CC3220SF_LAUNCHXL_nortos_ccs.out</output_file>
   <entry_point>
      <name>resetISR</name>
      <address>0x10069c1</address>
   </entry_point>
   <input_file_list>
      <input_file id="fl-2">
         <path>.\</path>
         <kind>object</kind>
         <file>gpiointerrupt.obj</file>
         <name>gpiointerrupt.obj</name>
      </input_file>
      <input_file id="fl-3">
         <path>.\syscfg\</path>
         <kind>object</kind>
         <file>ti_drivers_config.obj</file>
         <name>ti_drivers_config.obj</name>
      </input_file>
      <input_file id="fl-4">
         <path>.\</path>
         <kind>object</kind>
         <file>main_nortos.obj</file>
         <name>main_nortos.obj</name>
      </input_file>
      <input_file id="fl-d">
         <kind>object</kind>
         <file>&lt;internal&gt;</file>
         <name>&lt;internal&gt;</name>
      </input_file>
      <input_file id="fl-e">
         <path>C:\ti\simplelink_cc32xx_sdk_4_30_00_06\source\ti\drivers\lib\ccs\m4\</path>
         <kind>archive</kind>
         <file>drivers_cc32xx.a</file>
         <name>I2C.oem4</name>
      </input_file>
      <input_file id="fl-f">
         <path>C:\ti\simplelink_cc32xx_sdk_4_30_00_06\source\ti\drivers\lib\ccs\m4\</path>
         <kind>archive</kind>
         <file>drivers_cc32xx.a</file>
         <name>Timer.oem4</name>
      </input_file>
      <input_file id="fl-10">
         <path>C:\ti\simplelink_cc32xx_sdk_4_30_00_06\source\ti\drivers\lib\ccs\m4\</path>
         <kind>archive</kind>
         <file>drivers_cc32xx.a</file>
         <name>UART.oem4</name>
      </input_file>
      <input_file id="fl-11">
         <path>C:\ti\simplelink_cc32xx_sdk_4_30_00_06\source\ti\drivers\lib\ccs\m4\</path>
         <kind>archive</kind>
         <file>drivers_cc32xx.a</file>
         <name>GPIOCC32XX.oem4</name>
      </input_file>
      <input_file id="fl-12">
         <path>C:\ti\simplelink_cc32xx_sdk_4_30_00_06\source\ti\drivers\lib\ccs\m4\</path>
         <kind>archive</kind>
         <file>drivers_cc32xx.a</file>
         <name>I2CCC32XX.oem4</name>
      </input_file>
      <input_file id="fl-13">
         <path>C:\ti\simplelink_cc32xx_sdk_4_30_00_06\source\ti\drivers\lib\ccs\m4\</path>
         <kind>archive</kind>
         <file>drivers_cc32xx.a</file>
         <name>PowerCC32XX.oem4</name>
      </input_file>
      <input_file id="fl-14">
         <path>C:\ti\simplelink_cc32xx_sdk_4_30_00_06\source\ti\drivers\lib\ccs\m4\</path>
         <kind>archive</kind>
         <file>drivers_cc32xx.a</file>
         <name>PowerCC32XX_asm.oem4</name>
      </input_file>
      <input_file id="fl-15">
         <path>C:\ti\simplelink_cc32xx_sdk_4_30_00_06\source\ti\drivers\lib\ccs\m4\</path>
         <kind>archive</kind>
         <file>drivers_cc32xx.a</file>
         <name>TimerCC32XX.oem4</name>
      </input_file>
      <input_file id="fl-16">
         <path>C:\ti\simplelink_cc32xx_sdk_4_30_00_06\source\ti\drivers\lib\ccs\m4\</path>
         <kind>archive</kind>
         <file>drivers_cc32xx.a</file>
         <name>UARTCC32XX.oem4</name>
      </input_file>
      <input_file id="fl-17">
         <path>C:\ti\simplelink_cc32xx_sdk_4_30_00_06\source\ti\drivers\lib\ccs\m4\</path>
         <kind>archive</kind>
         <file>drivers_cc32xx.a</file>
         <name>List.oem4</name>
      </input_file>
      <input_file id="fl-18">
         <path>C:\ti\simplelink_cc32xx_sdk_4_30_00_06\source\ti\drivers\lib\ccs\m4\</path>
         <kind>archive</kind>
         <file>drivers_cc32xx.a</file>
         <name>RingBuf.oem4</name>
      </input_file>
      <input_file id="fl-19">
         <path>C:\ti\simplelink_cc32xx_sdk_4_30_00_06\kernel\nortos\lib\ccs\m4\</path>
         <kind>archive</kind>
         <file>nortos_cc32xx.a</file>
         <name>NoRTOS.oem4</name>
      </input_file>
      <input_file id="fl-1a">
         <path>C:\ti\simplelink_cc32xx_sdk_4_30_00_06\kernel\nortos\lib\ccs\m4\</path>
         <kind>archive</kind>
         <file>nortos_cc32xx.a</file>
         <name>SemaphoreP_nortos.oem4</name>
      </input_file>
      <input_file id="fl-1b">
         <path>C:\ti\simplelink_cc32xx_sdk_4_30_00_06\kernel\nortos\lib\ccs\m4\</path>
         <kind>archive</kind>
         <file>nortos_cc32xx.a</file>
         <name>ClockPSysTick_nortos.oem4</name>
      </input_file>
      <input_file id="fl-1c">
         <path>C:\ti\simplelink_cc32xx_sdk_4_30_00_06\kernel\nortos\lib\ccs\m4\</path>
         <kind>archive</kind>
         <file>nortos_cc32xx.a</file>
         <name>HwiPCC32XX_nortos.oem4</name>
      </input_file>
      <input_file id="fl-1d">
         <path>C:\ti\simplelink_cc32xx_sdk_4_30_00_06\kernel\nortos\lib\ccs\m4\</path>
         <kind>archive</kind>
         <file>nortos_cc32xx.a</file>
         <name>PowerCC32XX_nortos.oem4</name>
      </input_file>
      <input_file id="fl-1e">
         <path>C:\ti\simplelink_cc32xx_sdk_4_30_00_06\kernel\nortos\lib\ccs\m4\</path>
         <kind>archive</kind>
         <file>nortos_cc32xx.a</file>
         <name>startup_cc32xx_ccs.oem4</name>
      </input_file>
      <input_file id="fl-1f">
         <path>C:\ti\simplelink_cc32xx_sdk_4_30_00_06\kernel\nortos\lib\ccs\m4\</path>
         <kind>archive</kind>
         <file>nortos_cc32xx.a</file>
         <name>SwiP_nortos.oem4</name>
      </input_file>
      <input_file id="fl-20">
         <path>C:\ti\simplelink_cc32xx_sdk_4_30_00_06\kernel\nortos\lib\ccs\m4\</path>
         <kind>archive</kind>
         <file>nortos_cc32xx.a</file>
         <name>QueueP_nortos.oem4</name>
      </input_file>
      <input_file id="fl-21">
         <path>C:\ti\simplelink_cc32xx_sdk_4_30_00_06\source\ti\devices\cc32xx\driverlib\ccs\Release\</path>
         <kind>archive</kind>
         <file>driverlib.a</file>
         <name>cpu.obj</name>
      </input_file>
      <input_file id="fl-22">
         <path>C:\ti\simplelink_cc32xx_sdk_4_30_00_06\source\ti\devices\cc32xx\driverlib\ccs\Release\</path>
         <kind>archive</kind>
         <file>driverlib.a</file>
         <name>i2c.obj</name>
      </input_file>
      <input_file id="fl-23">
         <path>C:\ti\simplelink_cc32xx_sdk_4_30_00_06\source\ti\devices\cc32xx\driverlib\ccs\Release\</path>
         <kind>archive</kind>
         <file>driverlib.a</file>
         <name>interrupt.obj</name>
      </input_file>
      <input_file id="fl-24">
         <path>C:\ti\simplelink_cc32xx_sdk_4_30_00_06\source\ti\devices\cc32xx\driverlib\ccs\Release\</path>
         <kind>archive</kind>
         <file>driverlib.a</file>
         <name>pin.obj</name>
      </input_file>
      <input_file id="fl-25">
         <path>C:\ti\simplelink_cc32xx_sdk_4_30_00_06\source\ti\devices\cc32xx\driverlib\ccs\Release\</path>
         <kind>archive</kind>
         <file>driverlib.a</file>
         <name>prcm.obj</name>
      </input_file>
      <input_file id="fl-26">
         <path>C:\ti\simplelink_cc32xx_sdk_4_30_00_06\source\ti\devices\cc32xx\driverlib\ccs\Release\</path>
         <kind>archive</kind>
         <file>driverlib.a</file>
         <name>timer.obj</name>
      </input_file>
      <input_file id="fl-27">
         <path>C:\ti\simplelink_cc32xx_sdk_4_30_00_06\source\ti\devices\cc32xx\driverlib\ccs\Release\</path>
         <kind>archive</kind>
         <file>driverlib.a</file>
         <name>uart.obj</name>
      </input_file>
      <input_file id="fl-28">
         <path>C:\ti\simplelink_cc32xx_sdk_4_30_00_06\source\ti\devices\cc32xx\driverlib\ccs\Release\</path>
         <kind>archive</kind>
         <file>driverlib.a</file>
         <name>utils.obj</name>
      </input_file>
      <input_file id="fl-29">
         <path>C:\ti\simplelink_cc32xx_sdk_4_30_00_06\source\ti\devices\cc32xx\driverlib\ccs\Release\</path>
         <kind>archive</kind>
         <file>driverlib.a</file>
         <name>flash.obj</name>
      </input_file>
      <input_file id="fl-df">
         <path>C:\ti\ccs1240\ccs\tools\compiler\ti-cgt-arm_20.2.7.LTS\lib\</path>
         <kind>archive</kind>
         <file>rtsv7M4_T_le_eabi.lib</file>
         <name>snprintf.c.obj</name>
      </input_file>
      <input_file id="fl-e0">
         <path>C:\ti\ccs1240\ccs\tools\compiler\ti-cgt-arm_20.2.7.LTS\lib\</path>
         <kind>archive</kind>
         <file>rtsv7M4_T_le_eabi.lib</file>
         <name>fs_mul_t2.asm.obj</name>
      </input_file>
      <input_file id="fl-e1">
         <path>C:\ti\ccs1240\ccs\tools\compiler\ti-cgt-arm_20.2.7.LTS\lib\</path>
         <kind>archive</kind>
         <file>rtsv7M4_T_le_eabi.lib</file>
         <name>fs_toi_t2.asm.obj</name>
      </input_file>
      <input_file id="fl-e2">
         <path>C:\ti\ccs1240\ccs\tools\compiler\ti-cgt-arm_20.2.7.LTS\lib\</path>
         <kind>archive</kind>
         <file>rtsv7M4_T_le_eabi.lib</file>
         <name>i_tofs_t2.asm.obj</name>
      </input_file>
      <input_file id="fl-e3">
         <path>C:\ti\ccs1240\ccs\tools\compiler\ti-cgt-arm_20.2.7.LTS\lib\</path>
         <kind>archive</kind>
         <file>rtsv7M4_T_le_eabi.lib</file>
         <name>ll_mul_t2.asm.obj</name>
      </input_file>
      <input_file id="fl-e4">
         <path>C:\ti\ccs1240\ccs\tools\compiler\ti-cgt-arm_20.2.7.LTS\lib\</path>
         <kind>archive</kind>
         <file>rtsv7M4_T_le_eabi.lib</file>
         <name>memcpy_t2.asm.obj</name>
      </input_file>
      <input_file id="fl-e5">
         <path>C:\ti\ccs1240\ccs\tools\compiler\ti-cgt-arm_20.2.7.LTS\lib\</path>
         <kind>archive</kind>
         <file>rtsv7M4_T_le_eabi.lib</file>
         <name>ull_div_t2.asm.obj</name>
      </input_file>
      <input_file id="fl-e6">
         <path>C:\ti\ccs1240\ccs\tools\compiler\ti-cgt-arm_20.2.7.LTS\lib\</path>
         <kind>archive</kind>
         <file>rtsv7M4_T_le_eabi.lib</file>
         <name>copy_zero_init.c.obj</name>
      </input_file>
      <input_file id="fl-e7">
         <path>C:\ti\ccs1240\ccs\tools\compiler\ti-cgt-arm_20.2.7.LTS\lib\</path>
         <kind>archive</kind>
         <file>rtsv7M4_T_le_eabi.lib</file>
         <name>copy_decompress_none.c.obj</name>
      </input_file>
      <input_file id="fl-e8">
         <path>C:\ti\ccs1240\ccs\tools\compiler\ti-cgt-arm_20.2.7.LTS\lib\</path>
         <kind>archive</kind>
         <file>rtsv7M4_T_le_eabi.lib</file>
         <name>copy_decompress_lzss.c.obj</name>
      </input_file>
      <input_file id="fl-e9">
         <path>C:\ti\ccs1240\ccs\tools\compiler\ti-cgt-arm_20.2.7.LTS\lib\</path>
         <kind>archive</kind>
         <file>rtsv7M4_T_le_eabi.lib</file>
         <name>memory.c.obj</name>
      </input_file>
      <input_file id="fl-ea">
         <path>C:\ti\ccs1240\ccs\tools\compiler\ti-cgt-arm_20.2.7.LTS\lib\</path>
         <kind>archive</kind>
         <file>rtsv7M4_T_le_eabi.lib</file>
         <name>boot_cortex_m.c.obj</name>
      </input_file>
      <input_file id="fl-eb">
         <path>C:\ti\ccs1240\ccs\tools\compiler\ti-cgt-arm_20.2.7.LTS\lib\</path>
         <kind>archive</kind>
         <file>rtsv7M4_T_le_eabi.lib</file>
         <name>_printfi.c.obj</name>
      </input_file>
      <input_file id="fl-ec">
         <path>C:\ti\ccs1240\ccs\tools\compiler\ti-cgt-arm_20.2.7.LTS\lib\</path>
         <kind>archive</kind>
         <file>rtsv7M4_T_le_eabi.lib</file>
         <name>div0.asm.obj</name>
      </input_file>
      <input_file id="fl-ed">
         <path>C:\ti\ccs1240\ccs\tools\compiler\ti-cgt-arm_20.2.7.LTS\lib\</path>
         <kind>archive</kind>
         <file>rtsv7M4_T_le_eabi.lib</file>
         <name>fd_add_t2.asm.obj</name>
      </input_file>
      <input_file id="fl-ee">
         <path>C:\ti\ccs1240\ccs\tools\compiler\ti-cgt-arm_20.2.7.LTS\lib\</path>
         <kind>archive</kind>
         <file>rtsv7M4_T_le_eabi.lib</file>
         <name>fd_cmp_t2.asm.obj</name>
      </input_file>
      <input_file id="fl-ef">
         <path>C:\ti\ccs1240\ccs\tools\compiler\ti-cgt-arm_20.2.7.LTS\lib\</path>
         <kind>archive</kind>
         <file>rtsv7M4_T_le_eabi.lib</file>
         <name>fd_div_t2.asm.obj</name>
      </input_file>
      <input_file id="fl-f0">
         <path>C:\ti\ccs1240\ccs\tools\compiler\ti-cgt-arm_20.2.7.LTS\lib\</path>
         <kind>archive</kind>
         <file>rtsv7M4_T_le_eabi.lib</file>
         <name>fd_mul_t2.asm.obj</name>
      </input_file>
      <input_file id="fl-f1">
         <path>C:\ti\ccs1240\ccs\tools\compiler\ti-cgt-arm_20.2.7.LTS\lib\</path>
         <kind>archive</kind>
         <file>rtsv7M4_T_le_eabi.lib</file>
         <name>fd_toi_t2.asm.obj</name>
      </input_file>
      <input_file id="fl-f2">
         <path>C:\ti\ccs1240\ccs\tools\compiler\ti-cgt-arm_20.2.7.LTS\lib\</path>
         <kind>archive</kind>
         <file>rtsv7M4_T_le_eabi.lib</file>
         <name>i_tofd_t2.asm.obj</name>
      </input_file>
      <input_file id="fl-f3">
         <path>C:\ti\ccs1240\ccs\tools\compiler\ti-cgt-arm_20.2.7.LTS\lib\</path>
         <kind>archive</kind>
         <file>rtsv7M4_T_le_eabi.lib</file>
         <name>memset_t2.asm.obj</name>
      </input_file>
      <input_file id="fl-f4">
         <path>C:\ti\ccs1240\ccs\tools\compiler\ti-cgt-arm_20.2.7.LTS\lib\</path>
         <kind>archive</kind>
         <file>rtsv7M4_T_le_eabi.lib</file>
         <name>autoinit.c.obj</name>
      </input_file>
      <input_file id="fl-f5">
         <path>C:\ti\ccs1240\ccs\tools\compiler\ti-cgt-arm_20.2.7.LTS\lib\</path>
         <kind>archive</kind>
         <file>rtsv7M4_T_le_eabi.lib</file>
         <name>pre_init.c.obj</name>
      </input_file>
      <input_file id="fl-f6">
         <path>C:\ti\ccs1240\ccs\tools\compiler\ti-cgt-arm_20.2.7.LTS\lib\</path>
         <kind>archive</kind>
         <file>rtsv7M4_T_le_eabi.lib</file>
         <name>cpy_tbl.c.obj</name>
      </input_file>
      <input_file id="fl-f7">
         <path>C:\ti\ccs1240\ccs\tools\compiler\ti-cgt-arm_20.2.7.LTS\lib\</path>
         <kind>archive</kind>
         <file>rtsv7M4_T_le_eabi.lib</file>
         <name>exit.c.obj</name>
      </input_file>
      <input_file id="fl-f8">
         <path>C:\ti\ccs1240\ccs\tools\compiler\ti-cgt-arm_20.2.7.LTS\lib\</path>
         <kind>archive</kind>
         <file>rtsv7M4_T_le_eabi.lib</file>
         <name>_lock.c.obj</name>
      </input_file>
      <input_file id="fl-f9">
         <path>C:\ti\ccs1240\ccs\tools\compiler\ti-cgt-arm_20.2.7.LTS\lib\</path>
         <kind>archive</kind>
         <file>rtsv7M4_T_le_eabi.lib</file>
         <name>_ltoa.c.obj</name>
      </input_file>
      <input_file id="fl-fa">
         <path>C:\ti\ccs1240\ccs\tools\compiler\ti-cgt-arm_20.2.7.LTS\lib\</path>
         <kind>archive</kind>
         <file>rtsv7M4_T_le_eabi.lib</file>
         <name>args_main.c.obj</name>
      </input_file>
      <input_file id="fl-fb">
         <path>C:\ti\ccs1240\ccs\tools\compiler\ti-cgt-arm_20.2.7.LTS\lib\</path>
         <kind>archive</kind>
         <file>rtsv7M4_T_le_eabi.lib</file>
         <name>atoi.c.obj</name>
      </input_file>
      <input_file id="fl-fc">
         <path>C:\ti\ccs1240\ccs\tools\compiler\ti-cgt-arm_20.2.7.LTS\lib\</path>
         <kind>archive</kind>
         <file>rtsv7M4_T_le_eabi.lib</file>
         <name>ctype.c.obj</name>
      </input_file>
      <input_file id="fl-fd">
         <path>C:\ti\ccs1240\ccs\tools\compiler\ti-cgt-arm_20.2.7.LTS\lib\</path>
         <kind>archive</kind>
         <file>rtsv7M4_T_le_eabi.lib</file>
         <name>memccpy.c.obj</name>
      </input_file>
      <input_file id="fl-fe">
         <path>C:\ti\ccs1240\ccs\tools\compiler\ti-cgt-arm_20.2.7.LTS\lib\</path>
         <kind>archive</kind>
         <file>rtsv7M4_T_le_eabi.lib</file>
         <name>strchr.c.obj</name>
      </input_file>
      <input_file id="fl-ff">
         <path>C:\ti\ccs1240\ccs\tools\compiler\ti-cgt-arm_20.2.7.LTS\lib\</path>
         <kind>archive</kind>
         <file>rtsv7M4_T_le_eabi.lib</file>
         <name>strlen.c.obj</name>
      </input_file>
      <input_file id="fl-100">
         <path>C:\ti\ccs1240\ccs\tools\compiler\ti-cgt-arm_20.2.7.LTS\lib\</path>
         <kind>archive</kind>
         <file>rtsv7M4_T_le_eabi.lib</file>
         <name>errno.c.obj</name>
      </input_file>
      <input_file id="fl-101">
         <path>C:\ti\ccs1240\ccs\tools\compiler\ti-cgt-arm_20.2.7.LTS\lib\</path>
         <kind>archive</kind>
         <file>rtsv7M4_T_le_eabi.lib</file>
         <name>wcslen.c.obj</name>
      </input_file>
      <input_file id="fl-102">
         <path>C:\ti\ccs1240\ccs\tools\compiler\ti-cgt-arm_20.2.7.LTS\lib\</path>
         <kind>archive</kind>
         <file>rtsv7M4_T_le_eabi.lib</file>
         <name>s_frexp.c.obj</name>
      </input_file>
      <input_file id="fl-103">
         <path>C:\ti\ccs1240\ccs\tools\compiler\ti-cgt-arm_20.2.7.LTS\lib\</path>
         <kind>archive</kind>
         <file>rtsv7M4_T_le_eabi.lib</file>
         <name>s_scalbn.c.obj</name>
      </input_file>
      <input_file id="fl-104">
         <path>C:\ti\ccs1240\ccs\tools\compiler\ti-cgt-arm_20.2.7.LTS\lib\</path>
         <kind>archive</kind>
         <file>rtsv7M4_T_le_eabi.lib</file>
         <name>s_copysign.c.obj</name>
      </input_file>
   </input_file_list>
   <object_component_list>
      <object_component id="oc-489">
         <name>.text:__TI_printfi</name>
         <load_address>0x1000840</load_address>
         <run_address>0x1000840</run_address>
         <size>0xa4e</size>
         <input_file_ref idref="fl-eb"/>
      </object_component>
      <object_component id="oc-1db">
         <name>.text:Board_initHook</name>
         <load_address>0x100128e</load_address>
         <run_address>0x100128e</run_address>
         <size>0x2</size>
         <input_file_ref idref="fl-3"/>
      </object_component>
      <object_component id="oc-1cf">
         <name>.text:PRCMCC3200MCUInit</name>
         <load_address>0x1001290</load_address>
         <run_address>0x1001290</run_address>
         <size>0x42c</size>
         <input_file_ref idref="fl-25"/>
      </object_component>
      <object_component id="oc-783">
         <name>.text:UARTCC32XX_open</name>
         <load_address>0x10016bc</load_address>
         <run_address>0x10016bc</run_address>
         <size>0x288</size>
         <input_file_ref idref="fl-16"/>
      </object_component>
      <object_component id="oc-61a">
         <name>.text:_pconv_a</name>
         <load_address>0x1001944</load_address>
         <run_address>0x1001944</run_address>
         <size>0x268</size>
         <input_file_ref idref="fl-eb"/>
      </object_component>
      <object_component id="oc-1f5">
         <name>.text:initI2C</name>
         <load_address>0x1001bac</load_address>
         <run_address>0x1001bac</run_address>
         <size>0x250</size>
         <input_file_ref idref="fl-2"/>
      </object_component>
      <object_component id="oc-1fb">
         <name>.text:GPIO_setConfig</name>
         <load_address>0x1001dfc</load_address>
         <run_address>0x1001dfc</run_address>
         <size>0x1e4</size>
         <input_file_ref idref="fl-11"/>
      </object_component>
      <object_component id="oc-608">
         <name>.text:_pconv_g</name>
         <load_address>0x1001fe0</load_address>
         <run_address>0x1001fe0</run_address>
         <size>0x1cc</size>
         <input_file_ref idref="fl-eb"/>
      </object_component>
      <object_component id="oc-7dd">
         <name>.text</name>
         <load_address>0x10021ac</load_address>
         <run_address>0x10021ac</run_address>
         <size>0x1b6</size>
         <input_file_ref idref="fl-ed"/>
      </object_component>
      <object_component id="oc-34b">
         <name>.text:I2C_init</name>
         <load_address>0x1002362</load_address>
         <run_address>0x1002362</run_address>
         <size>0x2</size>
         <input_file_ref idref="fl-e"/>
      </object_component>
      <object_component id="oc-3f6">
         <name>.text:PowerCC32XX_sleepPolicy</name>
         <load_address>0x1002364</load_address>
         <run_address>0x1002364</run_address>
         <size>0x19c</size>
         <input_file_ref idref="fl-1d"/>
      </object_component>
      <object_component id="oc-160">
         <name>.text:mainThread</name>
         <load_address>0x1002500</load_address>
         <run_address>0x1002500</run_address>
         <size>0x158</size>
         <input_file_ref idref="fl-2"/>
      </object_component>
      <object_component id="oc-4d6">
         <name>.text:I2CCC32XX_hwiFxn</name>
         <load_address>0x1002658</load_address>
         <run_address>0x1002658</run_address>
         <size>0x148</size>
         <input_file_ref idref="fl-12"/>
      </object_component>
      <object_component id="oc-6ef">
         <name>.text:parkPins</name>
         <load_address>0x10027a0</load_address>
         <run_address>0x10027a0</run_address>
         <size>0x148</size>
         <input_file_ref idref="fl-13"/>
      </object_component>
      <object_component id="oc-614">
         <name>.text:_pconv_e</name>
         <load_address>0x10028e8</load_address>
         <run_address>0x10028e8</run_address>
         <size>0x13c</size>
         <input_file_ref idref="fl-eb"/>
      </object_component>
      <object_component id="oc-572">
         <name>.text:Power_sleep</name>
         <load_address>0x1002a24</load_address>
         <run_address>0x1002a24</run_address>
         <size>0x138</size>
         <input_file_ref idref="fl-13"/>
      </object_component>
      <object_component id="oc-7c3">
         <name>.text</name>
         <load_address>0x1002b5c</load_address>
         <run_address>0x1002b5c</run_address>
         <size>0x136</size>
         <input_file_ref idref="fl-ef"/>
      </object_component>
      <object_component id="oc-3f0">
         <name>.text:PowerCC32XX_initPolicy</name>
         <load_address>0x1002c92</load_address>
         <run_address>0x1002c92</run_address>
         <size>0x2</size>
         <input_file_ref idref="fl-1d"/>
      </object_component>
      <object_component id="oc-754">
         <name>.text:TimerCC32XX_open</name>
         <load_address>0x1002c94</load_address>
         <run_address>0x1002c94</run_address>
         <size>0x128</size>
         <input_file_ref idref="fl-15"/>
      </object_component>
      <object_component id="oc-4e4">
         <name>.text:I2C_transferTimeout</name>
         <load_address>0x1002dbc</load_address>
         <run_address>0x1002dbc</run_address>
         <size>0x122</size>
         <input_file_ref idref="fl-e"/>
      </object_component>
      <object_component id="oc-74e">
         <name>.text:TimerCC32XX_init</name>
         <load_address>0x1002ede</load_address>
         <run_address>0x1002ede</run_address>
         <size>0x2</size>
         <input_file_ref idref="fl-15"/>
      </object_component>
      <object_component id="oc-771">
         <name>.text:UARTCC32XX_close</name>
         <load_address>0x1002ee0</load_address>
         <run_address>0x1002ee0</run_address>
         <size>0x120</size>
         <input_file_ref idref="fl-16"/>
      </object_component>
      <object_component id="oc-7ef">
         <name>.text:fcvt</name>
         <load_address>0x1003000</load_address>
         <run_address>0x1003000</run_address>
         <size>0x120</size>
         <input_file_ref idref="fl-eb"/>
      </object_component>
      <object_component id="oc-3ab">
         <name>.text:readTemp</name>
         <load_address>0x1003120</load_address>
         <run_address>0x1003120</run_address>
         <size>0x120</size>
         <input_file_ref idref="fl-2"/>
      </object_component>
      <object_component id="oc-6c1">
         <name>.text:aligned_alloc</name>
         <load_address>0x1003240</load_address>
         <run_address>0x1003240</run_address>
         <size>0x100</size>
         <input_file_ref idref="fl-e9"/>
      </object_component>
      <object_component id="oc-357">
         <name>.text:I2C_open</name>
         <load_address>0x1003340</load_address>
         <run_address>0x1003340</run_address>
         <size>0xfc</size>
         <input_file_ref idref="fl-12"/>
      </object_component>
      <object_component id="oc-7be">
         <name>.text</name>
         <load_address>0x100343c</load_address>
         <run_address>0x100343c</run_address>
         <size>0xfc</size>
         <input_file_ref idref="fl-f0"/>
      </object_component>
      <object_component id="oc-777">
         <name>.text:UARTCC32XX_control</name>
         <load_address>0x1003538</load_address>
         <run_address>0x1003538</run_address>
         <size>0xf2</size>
         <input_file_ref idref="fl-16"/>
      </object_component>
      <object_component id="oc-77d">
         <name>.text:UARTCC32XX_init</name>
         <load_address>0x100362a</load_address>
         <run_address>0x100362a</run_address>
         <size>0x2</size>
         <input_file_ref idref="fl-16"/>
      </object_component>
      <object_component id="oc-412">
         <name>.text:free</name>
         <load_address>0x100362c</load_address>
         <run_address>0x100362c</run_address>
         <size>0xe4</size>
         <input_file_ref idref="fl-e9"/>
      </object_component>
      <object_component id="oc-803">
         <name>.text:scalbn</name>
         <load_address>0x1003710</load_address>
         <run_address>0x1003710</run_address>
         <size>0xd0</size>
         <input_file_ref idref="fl-103"/>
      </object_component>
      <object_component id="oc-79b">
         <name>.text:UARTCC32XX_write</name>
         <load_address>0x10037e0</load_address>
         <run_address>0x10037e0</run_address>
         <size>0xca</size>
         <input_file_ref idref="fl-16"/>
      </object_component>
      <object_component id="oc-3b8">
         <name>.text:_nop</name>
         <load_address>0x10038aa</load_address>
         <run_address>0x10038aa</run_address>
         <size>0x2</size>
         <input_file_ref idref="fl-f8"/>
      </object_component>
      <object_component id="oc-1e3">
         <name>.text:GPIO_init</name>
         <load_address>0x10038ac</load_address>
         <run_address>0x10038ac</run_address>
         <size>0xc4</size>
         <input_file_ref idref="fl-11"/>
      </object_component>
      <object_component id="oc-70c">
         <name>.text:restoreParkedPins</name>
         <load_address>0x1003970</load_address>
         <run_address>0x1003970</run_address>
         <size>0xc0</size>
         <input_file_ref idref="fl-13"/>
      </object_component>
      <object_component id="oc-78f">
         <name>.text:UARTCC32XX_readPolling</name>
         <load_address>0x1003a30</load_address>
         <run_address>0x1003a30</run_address>
         <size>0xba</size>
         <input_file_ref idref="fl-16"/>
      </object_component>
      <object_component id="oc-74">
         <name>.text:busFaultHandler</name>
         <load_address>0x1003aea</load_address>
         <run_address>0x1003aea</run_address>
         <size>0x2</size>
         <input_file_ref idref="fl-1e"/>
      </object_component>
      <object_component id="oc-97e">
         <name>.text:initHw</name>
         <load_address>0x1003aec</load_address>
         <run_address>0x1003aec</run_address>
         <size>0xb8</size>
         <input_file_ref idref="fl-16"/>
      </object_component>
      <object_component id="oc-a75">
         <name>.text:readTaskCallback</name>
         <load_address>0x1003ba4</load_address>
         <run_address>0x1003ba4</run_address>
         <size>0xb6</size>
         <input_file_ref idref="fl-16"/>
      </object_component>
      <object_component id="oc-68d">
         <name>.text:I2CCC32XX_completeTransfer</name>
         <load_address>0x1003c5a</load_address>
         <run_address>0x1003c5a</run_address>
         <size>0xb2</size>
         <input_file_ref idref="fl-12"/>
      </object_component>
      <object_component id="oc-5fd">
         <name>.text:_ltostr</name>
         <load_address>0x1003d0c</load_address>
         <run_address>0x1003d0c</run_address>
         <size>0xb1</size>
         <input_file_ref idref="fl-eb"/>
      </object_component>
      <object_component id="oc-a63">
         <name>.text:readTaskBlocking</name>
         <load_address>0x1003dbe</load_address>
         <run_address>0x1003dbe</run_address>
         <size>0xb0</size>
         <input_file_ref idref="fl-16"/>
      </object_component>
      <object_component id="oc-a69">
         <name>.text:readIsrTextBlocking</name>
         <load_address>0x1003e6e</load_address>
         <run_address>0x1003e6e</run_address>
         <size>0xae</size>
         <input_file_ref idref="fl-16"/>
      </object_component>
      <object_component id="oc-67b">
         <name>.text:I2CCC32XX_primeWriteBurst</name>
         <load_address>0x1003f1c</load_address>
         <run_address>0x1003f1c</run_address>
         <size>0xa8</size>
         <input_file_ref idref="fl-12"/>
      </object_component>
      <object_component id="oc-b6">
         <name>.text:IntEnable</name>
         <load_address>0x1003fc4</load_address>
         <run_address>0x1003fc4</run_address>
         <size>0xa8</size>
         <input_file_ref idref="fl-23"/>
      </object_component>
      <object_component id="oc-2bf">
         <name>.text:PowerCC32XX_configureWakeup</name>
         <load_address>0x100406c</load_address>
         <run_address>0x100406c</run_address>
         <size>0xa8</size>
         <input_file_ref idref="fl-13"/>
      </object_component>
      <object_component id="oc-a7b">
         <name>.text:readIsrTextCallback</name>
         <load_address>0x1004114</load_address>
         <run_address>0x1004114</run_address>
         <size>0xa2</size>
         <input_file_ref idref="fl-16"/>
      </object_component>
      <object_component id="oc-9b5">
         <name>.text:writeData</name>
         <load_address>0x10041b6</load_address>
         <run_address>0x10041b6</run_address>
         <size>0xa2</size>
         <input_file_ref idref="fl-16"/>
      </object_component>
      <object_component id="oc-2e5">
         <name>.text:SemaphoreP_pend</name>
         <load_address>0x1004258</load_address>
         <run_address>0x1004258</run_address>
         <size>0xa0</size>
         <input_file_ref idref="fl-1a"/>
      </object_component>
      <object_component id="oc-4c4">
         <name>.text:I2CCC32XX_initHw</name>
         <load_address>0x10042f8</load_address>
         <run_address>0x10042f8</run_address>
         <size>0x9c</size>
         <input_file_ref idref="fl-12"/>
      </object_component>
      <object_component id="oc-3c">
         <name>.text</name>
         <load_address>0x1004394</load_address>
         <run_address>0x1004394</run_address>
         <size>0x9c</size>
         <input_file_ref idref="fl-e4"/>
      </object_component>
      <object_component id="oc-301">
         <name>.text:powerNotifyFxn</name>
         <load_address>0x1004430</load_address>
         <run_address>0x1004430</run_address>
         <size>0x98</size>
         <input_file_ref idref="fl-11"/>
      </object_component>
      <object_component id="oc-56d">
         <name>.text</name>
         <load_address>0x10044c8</load_address>
         <run_address>0x10044c8</run_address>
         <size>0x96</size>
         <input_file_ref idref="fl-e5"/>
      </object_component>
      <object_component id="oc-437">
         <name>.text:clkFxn</name>
         <load_address>0x100455e</load_address>
         <run_address>0x100455e</run_address>
         <size>0x2</size>
         <input_file_ref idref="fl-1a"/>
      </object_component>
      <object_component id="oc-700">
         <name>.text:restoreNVICRegs</name>
         <load_address>0x1004560</load_address>
         <run_address>0x1004560</run_address>
         <size>0x90</size>
         <input_file_ref idref="fl-13"/>
      </object_component>
      <object_component id="oc-4b8">
         <name>.text:HwiP_construct</name>
         <load_address>0x10045f0</load_address>
         <run_address>0x10045f0</run_address>
         <size>0x8c</size>
         <input_file_ref idref="fl-1c"/>
      </object_component>
      <object_component id="oc-213">
         <name>.text:TimerInterrupt</name>
         <load_address>0x100467c</load_address>
         <run_address>0x100467c</run_address>
         <size>0x8c</size>
         <input_file_ref idref="fl-2"/>
      </object_component>
      <object_component id="oc-8d5">
         <name>.text:IntPendSet</name>
         <load_address>0x1004708</load_address>
         <run_address>0x1004708</run_address>
         <size>0x88</size>
         <input_file_ref idref="fl-23"/>
      </object_component>
      <object_component id="oc-36c">
         <name>.text:PinConfigSet</name>
         <load_address>0x1004790</load_address>
         <run_address>0x1004790</run_address>
         <size>0x88</size>
         <input_file_ref idref="fl-24"/>
      </object_component>
      <object_component id="oc-75a">
         <name>.text:TimerCC32XX_setPeriod</name>
         <load_address>0x1004818</load_address>
         <run_address>0x1004818</run_address>
         <size>0x88</size>
         <input_file_ref idref="fl-15"/>
      </object_component>
      <object_component id="oc-603">
         <name>.text:__aeabi_cdcmple</name>
         <load_address>0x10048a0</load_address>
         <run_address>0x10048a0</run_address>
         <size>0x86</size>
         <input_file_ref idref="fl-ee"/>
      </object_component>
      <object_component id="oc-7c8">
         <name>.text:__aeabi_cdrcmple</name>
         <load_address>0x1004926</load_address>
         <run_address>0x1004926</run_address>
         <size>0x86</size>
         <input_file_ref idref="fl-ee"/>
      </object_component>
      <object_component id="oc-1d5">
         <name>.text:Power_init</name>
         <load_address>0x10049ac</load_address>
         <run_address>0x10049ac</run_address>
         <size>0x84</size>
         <input_file_ref idref="fl-13"/>
      </object_component>
      <object_component id="oc-6f5">
         <name>.text:saveNVICRegs</name>
         <load_address>0x1004a30</load_address>
         <run_address>0x1004a30</run_address>
         <size>0x84</size>
         <input_file_ref idref="fl-13"/>
      </object_component>
      <object_component id="oc-372">
         <name>.text:Power_setDependency</name>
         <load_address>0x1004ab4</load_address>
         <run_address>0x1004ab4</run_address>
         <size>0x80</size>
         <input_file_ref idref="fl-13"/>
      </object_component>
      <object_component id="oc-a5d">
         <name>.text:readIsrBinaryBlocking</name>
         <load_address>0x1004b34</load_address>
         <run_address>0x1004b34</run_address>
         <size>0x7c</size>
         <input_file_ref idref="fl-16"/>
      </object_component>
      <object_component id="oc-675">
         <name>.text:I2CCC32XX_primeReadBurst</name>
         <load_address>0x1004bb0</load_address>
         <run_address>0x1004bb0</run_address>
         <size>0x7a</size>
         <input_file_ref idref="fl-12"/>
      </object_component>
      <object_component id="oc-515">
         <name>.text</name>
         <load_address>0x1004c2a</load_address>
         <run_address>0x1004c2a</run_address>
         <size>0x7a</size>
         <input_file_ref idref="fl-e0"/>
      </object_component>
      <object_component id="oc-9e">
         <name>.text</name>
         <load_address>0x1004ca4</load_address>
         <run_address>0x1004ca4</run_address>
         <size>0x7a</size>
         <input_file_ref idref="fl-f3"/>
      </object_component>
      <object_component id="oc-6e">
         <name>.text:defaultHandler</name>
         <load_address>0x1004d1e</load_address>
         <run_address>0x1004d1e</run_address>
         <size>0x2</size>
         <input_file_ref idref="fl-1e"/>
      </object_component>
      <object_component id="oc-396">
         <name>.text:GPIO_hwiIntFxn</name>
         <load_address>0x1004d20</load_address>
         <run_address>0x1004d20</run_address>
         <size>0x78</size>
         <input_file_ref idref="fl-11"/>
      </object_component>
      <object_component id="oc-760">
         <name>.text:TimerCC32XX_start</name>
         <load_address>0x1004d98</load_address>
         <run_address>0x1004d98</run_address>
         <size>0x78</size>
         <input_file_ref idref="fl-15"/>
      </object_component>
      <object_component id="oc-a6f">
         <name>.text:readIsrBinaryCallback</name>
         <load_address>0x1004e10</load_address>
         <run_address>0x1004e10</run_address>
         <size>0x78</size>
         <input_file_ref idref="fl-16"/>
      </object_component>
      <object_component id="oc-98d">
         <name>.text:UARTCC32XX_hwiIntFxn</name>
         <load_address>0x1004e88</load_address>
         <run_address>0x1004e88</run_address>
         <size>0x74</size>
         <input_file_ref idref="fl-16"/>
      </object_component>
      <object_component id="oc-22c">
         <name>.text:updateTemperature</name>
         <load_address>0x1004efc</load_address>
         <run_address>0x1004efc</run_address>
         <size>0x74</size>
         <input_file_ref idref="fl-2"/>
      </object_component>
      <object_component id="oc-882">
         <name>.text:split</name>
         <load_address>0x1004f70</load_address>
         <run_address>0x1004f70</run_address>
         <size>0x70</size>
         <input_file_ref idref="fl-e9"/>
      </object_component>
      <object_component id="oc-7e8">
         <name>.text:_mcpy</name>
         <load_address>0x1004fe0</load_address>
         <run_address>0x1004fe0</run_address>
         <size>0x6e</size>
         <input_file_ref idref="fl-eb"/>
      </object_component>
      <object_component id="oc-6a8">
         <name>.text:I2CSupport_primeTransfer</name>
         <load_address>0x100504e</load_address>
         <run_address>0x100504e</run_address>
         <size>0x6a</size>
         <input_file_ref idref="fl-12"/>
      </object_component>
      <object_component id="oc-15">
         <name>.text:decompress:lzss:__TI_decompress_lzss</name>
         <load_address>0x10050b8</load_address>
         <run_address>0x10050b8</run_address>
         <size>0x68</size>
         <input_file_ref idref="fl-e8"/>
      </object_component>
      <object_component id="oc-7a7">
         <name>.text:UARTCC32XX_writeCancel</name>
         <load_address>0x1005120</load_address>
         <run_address>0x1005120</run_address>
         <size>0x66</size>
         <input_file_ref idref="fl-16"/>
      </object_component>
      <object_component id="oc-68">
         <name>.text:faultISR</name>
         <load_address>0x1005186</load_address>
         <run_address>0x1005186</run_address>
         <size>0x2</size>
         <input_file_ref idref="fl-1e"/>
      </object_component>
      <object_component id="oc-461">
         <name>.text:PowerCC32XX_setParkState</name>
         <load_address>0x1005188</load_address>
         <run_address>0x1005188</run_address>
         <size>0x64</size>
         <input_file_ref idref="fl-13"/>
      </object_component>
      <object_component id="oc-7a1">
         <name>.text:UARTCC32XX_writePolling</name>
         <load_address>0x10051ec</load_address>
         <run_address>0x10051ec</run_address>
         <size>0x62</size>
         <input_file_ref idref="fl-16"/>
      </object_component>
      <object_component id="oc-62">
         <name>.text:nmiISR</name>
         <load_address>0x100524e</load_address>
         <run_address>0x100524e</run_address>
         <size>0x2</size>
         <input_file_ref idref="fl-1e"/>
      </object_component>
      <object_component id="oc-28d">
         <name>.text:PRCMSysResetCauseGet</name>
         <load_address>0x1005250</load_address>
         <run_address>0x1005250</run_address>
         <size>0x60</size>
         <input_file_ref idref="fl-25"/>
      </object_component>
      <object_component id="oc-232">
         <name>.text:serverReport</name>
         <load_address>0x10052b0</load_address>
         <run_address>0x10052b0</run_address>
         <size>0x60</size>
         <input_file_ref idref="fl-2"/>
      </object_component>
      <object_component id="oc-207">
         <name>.text:GPIO_setCallback</name>
         <load_address>0x1005310</load_address>
         <run_address>0x1005310</run_address>
         <size>0x5c</size>
         <input_file_ref idref="fl-11"/>
      </object_component>
      <object_component id="oc-7fd">
         <name>.text:frexp</name>
         <load_address>0x100536c</load_address>
         <run_address>0x100536c</run_address>
         <size>0x5c</size>
         <input_file_ref idref="fl-102"/>
      </object_component>
      <object_component id="oc-895">
         <name>.text:sysTickInit</name>
         <load_address>0x10053c8</load_address>
         <run_address>0x10053c8</run_address>
         <size>0x5c</size>
         <input_file_ref idref="fl-1b"/>
      </object_component>
      <object_component id="oc-201">
         <name>.text:GPIO_write</name>
         <load_address>0x1005424</load_address>
         <run_address>0x1005424</run_address>
         <size>0x58</size>
         <input_file_ref idref="fl-11"/>
      </object_component>
      <object_component id="oc-2a6">
         <name>.text:PRCMPeripheralReset</name>
         <load_address>0x100547c</load_address>
         <run_address>0x100547c</run_address>
         <size>0x58</size>
         <input_file_ref idref="fl-25"/>
      </object_component>
      <object_component id="oc-945">
         <name>.text:Power_releaseDependency</name>
         <load_address>0x10054d4</load_address>
         <run_address>0x10054d4</run_address>
         <size>0x58</size>
         <input_file_ref idref="fl-13"/>
      </object_component>
      <object_component id="oc-766">
         <name>.text:TimerCC32XX_stop</name>
         <load_address>0x100552c</load_address>
         <run_address>0x100552c</run_address>
         <size>0x56</size>
         <input_file_ref idref="fl-15"/>
      </object_component>
      <object_component id="oc-60e">
         <name>.text:_pconv_f</name>
         <load_address>0x1005582</load_address>
         <run_address>0x1005582</run_address>
         <size>0x56</size>
         <input_file_ref idref="fl-eb"/>
      </object_component>
      <object_component id="oc-7d2">
         <name>.text:__TI_ltoa</name>
         <load_address>0x10055d8</load_address>
         <run_address>0x10055d8</run_address>
         <size>0x54</size>
         <input_file_ref idref="fl-f9"/>
      </object_component>
      <object_component id="oc-1e9">
         <name>.text:initTimer</name>
         <load_address>0x100562c</load_address>
         <run_address>0x100562c</run_address>
         <size>0x54</size>
         <input_file_ref idref="fl-2"/>
      </object_component>
      <object_component id="oc-ad2">
         <name>.text:ringBufGet</name>
         <load_address>0x1005680</load_address>
         <run_address>0x1005680</run_address>
         <size>0x54</size>
         <input_file_ref idref="fl-16"/>
      </object_component>
      <object_component id="oc-8b2">
         <name>.text:PowerCC32XX_resumeLPDS</name>
         <load_address>0x10056d4</load_address>
         <run_address>0x10056d4</run_address>
         <size>0x52</size>
         <input_file_ref idref="fl-14"/>
      </object_component>
      <object_component id="oc-7e2">
         <name>.text:_ecpy</name>
         <load_address>0x1005726</load_address>
         <run_address>0x1005726</run_address>
         <size>0x52</size>
         <input_file_ref idref="fl-eb"/>
      </object_component>
      <object_component id="oc-903">
         <name>.text:initHw</name>
         <load_address>0x1005778</load_address>
         <run_address>0x1005778</run_address>
         <size>0x52</size>
         <input_file_ref idref="fl-15"/>
      </object_component>
      <object_component id="oc-6e3">
         <name>.text</name>
         <load_address>0x10057ca</load_address>
         <run_address>0x10057ca</run_address>
         <size>0x2</size>
         <input_file_ref idref="fl-ec"/>
      </object_component>
      <object_component id="oc-7a">
         <name>.text:ClockP_sysTickHandler</name>
         <load_address>0x10057cc</load_address>
         <run_address>0x10057cc</run_address>
         <size>0x50</size>
         <input_file_ref idref="fl-1b"/>
      </object_component>
      <object_component id="oc-593">
         <name>.text:SemaphoreP_construct</name>
         <load_address>0x100581c</load_address>
         <run_address>0x100581c</run_address>
         <size>0x50</size>
         <input_file_ref idref="fl-1a"/>
      </object_component>
      <object_component id="oc-8f7">
         <name>.text:TimerCC32XX_allocateTimerResource</name>
         <load_address>0x100586c</load_address>
         <run_address>0x100586c</run_address>
         <size>0x50</size>
         <input_file_ref idref="fl-15"/>
      </object_component>
      <object_component id="oc-20d">
         <name>.text:GPIO_enableInt</name>
         <load_address>0x10058bc</load_address>
         <run_address>0x10058bc</run_address>
         <size>0x4c</size>
         <input_file_ref idref="fl-11"/>
      </object_component>
      <object_component id="oc-669">
         <name>.text:I2CCC32XX_readRecieveFifo</name>
         <load_address>0x1005908</load_address>
         <run_address>0x1005908</run_address>
         <size>0x4c</size>
         <input_file_ref idref="fl-12"/>
      </object_component>
      <object_component id="oc-8a9">
         <name>.text:PowerCC32XX_parkPin</name>
         <load_address>0x1005954</load_address>
         <run_address>0x1005954</run_address>
         <size>0x4c</size>
         <input_file_ref idref="fl-13"/>
      </object_component>
      <object_component id="oc-5f7">
         <name>.text:atoi</name>
         <load_address>0x10059a0</load_address>
         <run_address>0x10059a0</run_address>
         <size>0x4c</size>
         <input_file_ref idref="fl-fb"/>
      </object_component>
      <object_component id="oc-706">
         <name>.text:restorePeriphClocks</name>
         <load_address>0x10059ec</load_address>
         <run_address>0x10059ec</run_address>
         <size>0x4c</size>
         <input_file_ref idref="fl-13"/>
      </object_component>
      <object_component id="oc-33f">
         <name>.text:snprintf</name>
         <load_address>0x1005a38</load_address>
         <run_address>0x1005a38</run_address>
         <size>0x4c</size>
         <input_file_ref idref="fl-df"/>
      </object_component>
      <object_component id="oc-8cd">
         <name>.text:FlashDisable</name>
         <load_address>0x1005a84</load_address>
         <run_address>0x1005a84</run_address>
         <size>0x48</size>
         <input_file_ref idref="fl-29"/>
      </object_component>
      <object_component id="oc-712">
         <name>.text:PRCMLPDSEnter</name>
         <load_address>0x1005acc</load_address>
         <run_address>0x1005acc</run_address>
         <size>0x48</size>
         <input_file_ref idref="fl-25"/>
      </object_component>
      <object_component id="oc-2a0">
         <name>.text:PRCMPeripheralClkEnable</name>
         <load_address>0x1005b14</load_address>
         <run_address>0x1005b14</run_address>
         <size>0x48</size>
         <input_file_ref idref="fl-25"/>
      </object_component>
      <object_component id="oc-857">
         <name>.text:Power_releaseConstraint</name>
         <load_address>0x1005b5c</load_address>
         <run_address>0x1005b5c</run_address>
         <size>0x48</size>
         <input_file_ref idref="fl-13"/>
      </object_component>
      <object_component id="oc-7cd">
         <name>.text</name>
         <load_address>0x1005ba4</load_address>
         <run_address>0x1005ba4</run_address>
         <size>0x48</size>
         <input_file_ref idref="fl-f1"/>
      </object_component>
      <object_component id="oc-abf">
         <name>.text:RingBuf_put</name>
         <load_address>0x1005bec</load_address>
         <run_address>0x1005bec</run_address>
         <size>0x46</size>
         <input_file_ref idref="fl-18"/>
      </object_component>
      <object_component id="oc-8fd">
         <name>.text:getPrescaler</name>
         <load_address>0x1005c32</load_address>
         <run_address>0x1005c32</run_address>
         <size>0x46</size>
         <input_file_ref idref="fl-15"/>
      </object_component>
      <object_component id="oc-5bb">
         <name>.text:ClockP_stop</name>
         <load_address>0x1005c78</load_address>
         <run_address>0x1005c78</run_address>
         <size>0x44</size>
         <input_file_ref idref="fl-1b"/>
      </object_component>
      <object_component id="oc-8b7">
         <name>.text:PRCMLPDSRestoreInfoSet</name>
         <load_address>0x1005cbc</load_address>
         <run_address>0x1005cbc</run_address>
         <size>0x44</size>
         <input_file_ref idref="fl-25"/>
      </object_component>
      <object_component id="oc-6fb">
         <name>.text:PowerCC32XX_enterLPDS</name>
         <load_address>0x1005d00</load_address>
         <run_address>0x1005d00</run_address>
         <size>0x44</size>
         <input_file_ref idref="fl-14"/>
      </object_component>
      <object_component id="oc-2f1">
         <name>.text:SemaphoreP_post</name>
         <load_address>0x1005d44</load_address>
         <run_address>0x1005d44</run_address>
         <size>0x44</size>
         <input_file_ref idref="fl-1a"/>
      </object_component>
      <object_component id="oc-583">
         <name>.text:SwiP_restore</name>
         <load_address>0x1005d88</load_address>
         <run_address>0x1005d88</run_address>
         <size>0x44</size>
         <input_file_ref idref="fl-1f"/>
      </object_component>
      <object_component id="oc-30b">
         <name>.text:Timer_init</name>
         <load_address>0x1005dcc</load_address>
         <run_address>0x1005dcc</run_address>
         <size>0x44</size>
         <input_file_ref idref="fl-f"/>
      </object_component>
      <object_component id="oc-32b">
         <name>.text:UART_init</name>
         <load_address>0x1005e10</load_address>
         <run_address>0x1005e10</run_address>
         <size>0x44</size>
         <input_file_ref idref="fl-10"/>
      </object_component>
      <object_component id="oc-173">
         <name>.text:__TI_auto_init_nobinit_nopinit:__TI_auto_init_nobinit_nopinit</name>
         <load_address>0x1005e54</load_address>
         <run_address>0x1005e54</run_address>
         <size>0x44</size>
         <input_file_ref idref="fl-f4"/>
      </object_component>
      <object_component id="oc-1ef">
         <name>.text:initUART</name>
         <load_address>0x1005e98</load_address>
         <run_address>0x1005e98</run_address>
         <size>0x44</size>
         <input_file_ref idref="fl-2"/>
      </object_component>
      <object_component id="oc-a4c">
         <name>.text:ClockP_construct</name>
         <load_address>0x1005edc</load_address>
         <run_address>0x1005edc</run_address>
         <size>0x40</size>
         <input_file_ref idref="fl-1b"/>
      </object_component>
      <object_component id="oc-2b8">
         <name>.text:PinModeSet</name>
         <load_address>0x1005f1c</load_address>
         <run_address>0x1005f1c</run_address>
         <size>0x40</size>
         <input_file_ref idref="fl-24"/>
      </object_component>
      <object_component id="oc-9a7">
         <name>.text:RingBuf_get</name>
         <load_address>0x1005f5c</load_address>
         <run_address>0x1005f5c</run_address>
         <size>0x40</size>
         <input_file_ref idref="fl-18"/>
      </object_component>
      <object_component id="oc-317">
         <name>.text:Timer_open</name>
         <load_address>0x1005f9c</load_address>
         <run_address>0x1005f9c</run_address>
         <size>0x40</size>
         <input_file_ref idref="fl-f"/>
      </object_component>
      <object_component id="oc-789">
         <name>.text:UARTCC32XX_read</name>
         <load_address>0x1005fdc</load_address>
         <run_address>0x1005fdc</run_address>
         <size>0x40</size>
         <input_file_ref idref="fl-16"/>
      </object_component>
      <object_component id="oc-337">
         <name>.text:UART_open</name>
         <load_address>0x100601c</load_address>
         <run_address>0x100601c</run_address>
         <size>0x40</size>
         <input_file_ref idref="fl-10"/>
      </object_component>
      <object_component id="oc-7f5">
         <name>.text:_fcpy</name>
         <load_address>0x100605c</load_address>
         <run_address>0x100605c</run_address>
         <size>0x3e</size>
         <input_file_ref idref="fl-eb"/>
      </object_component>
      <object_component id="oc-431">
         <name>.text:ClockP_destruct</name>
         <load_address>0x100609c</load_address>
         <run_address>0x100609c</run_address>
         <size>0x3c</size>
         <input_file_ref idref="fl-1b"/>
      </object_component>
      <object_component id="oc-85e">
         <name>.text:Power_setConstraint</name>
         <load_address>0x10060d8</load_address>
         <run_address>0x10060d8</run_address>
         <size>0x3c</size>
         <input_file_ref idref="fl-13"/>
      </object_component>
      <object_component id="oc-226">
         <name>.text:changeSetPoint</name>
         <load_address>0x1006114</load_address>
         <run_address>0x1006114</run_address>
         <size>0x3c</size>
         <input_file_ref idref="fl-2"/>
      </object_component>
      <object_component id="oc-73c">
         <name>.text:TimerCC32XX_close</name>
         <load_address>0x1006150</load_address>
         <run_address>0x1006150</run_address>
         <size>0x3a</size>
         <input_file_ref idref="fl-15"/>
      </object_component>
      <object_component id="oc-567">
         <name>.text:getCountsRTC</name>
         <load_address>0x100618a</load_address>
         <run_address>0x100618a</run_address>
         <size>0x3a</size>
         <input_file_ref idref="fl-1d"/>
      </object_component>
      <object_component id="oc-718">
         <name>.text:PRCMLPDSEnterKeepDebugIf</name>
         <load_address>0x10061c4</load_address>
         <run_address>0x10061c4</run_address>
         <size>0x38</size>
         <input_file_ref idref="fl-25"/>
      </object_component>
      <object_component id="oc-90f">
         <name>.text:TimerCC32XX_hwiIntFunction</name>
         <load_address>0x10061fc</load_address>
         <run_address>0x10061fc</run_address>
         <size>0x38</size>
         <input_file_ref idref="fl-15"/>
      </object_component>
      <object_component id="oc-dc">
         <name>.text:addToList</name>
         <load_address>0x1006234</load_address>
         <run_address>0x1006234</run_address>
         <size>0x38</size>
         <input_file_ref idref="fl-1b"/>
      </object_component>
      <object_component id="oc-5a">
         <name>.text:initVectors</name>
         <load_address>0x100626c</load_address>
         <run_address>0x100626c</run_address>
         <size>0x38</size>
         <input_file_ref idref="fl-1e"/>
      </object_component>
      <object_component id="oc-6e9">
         <name>.text:notify</name>
         <load_address>0x10062a4</load_address>
         <run_address>0x10062a4</run_address>
         <size>0x38</size>
         <input_file_ref idref="fl-13"/>
      </object_component>
      <object_component id="oc-51a">
         <name>.text</name>
         <load_address>0x10062dc</load_address>
         <run_address>0x10062dc</run_address>
         <size>0x38</size>
         <input_file_ref idref="fl-e1"/>
      </object_component>
      <object_component id="oc-510">
         <name>.text</name>
         <load_address>0x1006314</load_address>
         <run_address>0x1006314</run_address>
         <size>0x38</size>
         <input_file_ref idref="fl-e2"/>
      </object_component>
      <object_component id="oc-a2d">
         <name>.text:TimerControlStall</name>
         <load_address>0x100634c</load_address>
         <run_address>0x100634c</run_address>
         <size>0x36</size>
         <input_file_ref idref="fl-26"/>
      </object_component>
      <object_component id="oc-795">
         <name>.text:UARTCC32XX_readCancel</name>
         <load_address>0x1006382</load_address>
         <run_address>0x1006382</run_address>
         <size>0x36</size>
         <input_file_ref idref="fl-16"/>
      </object_component>
      <object_component id="oc-555">
         <name>.text:ClockP_getTicksUntilInterrupt</name>
         <load_address>0x10063b8</load_address>
         <run_address>0x10063b8</run_address>
         <size>0x34</size>
         <input_file_ref idref="fl-1b"/>
      </object_component>
      <object_component id="oc-6da">
         <name>.text:ClockP_startup</name>
         <load_address>0x10063ec</load_address>
         <run_address>0x10063ec</run_address>
         <size>0x34</size>
         <input_file_ref idref="fl-1b"/>
      </object_component>
      <object_component id="oc-2b2">
         <name>.text:PinModeGet</name>
         <load_address>0x1006420</load_address>
         <run_address>0x1006420</run_address>
         <size>0x34</size>
         <input_file_ref idref="fl-24"/>
      </object_component>
      <object_component id="oc-94b">
         <name>.text:PowerCC32XX_restoreParkState</name>
         <load_address>0x1006454</load_address>
         <run_address>0x1006454</run_address>
         <size>0x34</size>
         <input_file_ref idref="fl-13"/>
      </object_component>
      <object_component id="oc-8ed">
         <name>.text:TimerCC32XX_freeTimerResource</name>
         <load_address>0x1006488</load_address>
         <run_address>0x1006488</run_address>
         <size>0x34</size>
         <input_file_ref idref="fl-15"/>
      </object_component>
      <object_component id="oc-a21">
         <name>.text:getPowerMgrId</name>
         <load_address>0x10064bc</load_address>
         <run_address>0x10064bc</run_address>
         <size>0x34</size>
         <input_file_ref idref="fl-15"/>
      </object_component>
      <object_component id="oc-41f">
         <name>.text:ClockP_start</name>
         <load_address>0x10064f0</load_address>
         <run_address>0x10064f0</run_address>
         <size>0x30</size>
         <input_file_ref idref="fl-1b"/>
      </object_component>
      <object_component id="oc-8c6">
         <name>.text:PowerCC32XX_restoreParkedPin</name>
         <load_address>0x1006520</load_address>
         <run_address>0x1006520</run_address>
         <size>0x30</size>
         <input_file_ref idref="fl-13"/>
      </object_component>
      <object_component id="oc-48f">
         <name>.text:_outs</name>
         <load_address>0x1006550</load_address>
         <run_address>0x1006550</run_address>
         <size>0x30</size>
         <input_file_ref idref="fl-df"/>
      </object_component>
      <object_component id="oc-7d8">
         <name>.text</name>
         <load_address>0x1006580</load_address>
         <run_address>0x1006580</run_address>
         <size>0x2e</size>
         <input_file_ref idref="fl-f2"/>
      </object_component>
      <object_component id="oc-96c">
         <name>.text:PowerCC32XX_getParkState</name>
         <load_address>0x10065b0</load_address>
         <run_address>0x10065b0</run_address>
         <size>0x2c</size>
         <input_file_ref idref="fl-13"/>
      </object_component>
      <object_component id="oc-37e">
         <name>.text:HwiP_create</name>
         <load_address>0x10065dc</load_address>
         <run_address>0x10065dc</run_address>
         <size>0x2a</size>
         <input_file_ref idref="fl-1c"/>
      </object_component>
      <object_component id="oc-91c">
         <name>.text:TimerLoadSet</name>
         <load_address>0x1006606</load_address>
         <run_address>0x1006606</run_address>
         <size>0x2a</size>
         <input_file_ref idref="fl-26"/>
      </object_component>
      <object_component id="oc-916">
         <name>.text:TimerPrescaleSet</name>
         <load_address>0x1006630</load_address>
         <run_address>0x1006630</run_address>
         <size>0x2a</size>
         <input_file_ref idref="fl-26"/>
      </object_component>
      <object_component id="oc-681">
         <name>.text:I2CFIFODataPutNonBlocking</name>
         <load_address>0x100665a</load_address>
         <run_address>0x100665a</run_address>
         <size>0x28</size>
         <input_file_ref idref="fl-22"/>
      </object_component>
      <object_component id="oc-2ac">
         <name>.text:PRCMPeripheralClkDisable</name>
         <load_address>0x1006684</load_address>
         <run_address>0x1006684</run_address>
         <size>0x28</size>
         <input_file_ref idref="fl-25"/>
      </object_component>
      <object_component id="oc-2eb">
         <name>.text:Power_registerNotify</name>
         <load_address>0x10066ac</load_address>
         <run_address>0x10066ac</run_address>
         <size>0x28</size>
         <input_file_ref idref="fl-13"/>
      </object_component>
      <object_component id="oc-5b3">
         <name>.text:free_list_insert</name>
         <load_address>0x10066d4</load_address>
         <run_address>0x10066d4</run_address>
         <size>0x28</size>
         <input_file_ref idref="fl-e9"/>
      </object_component>
      <object_component id="oc-833">
         <name>.text:I2CFIFODataGetNonBlocking</name>
         <load_address>0x10066fc</load_address>
         <run_address>0x10066fc</run_address>
         <size>0x26</size>
         <input_file_ref idref="fl-22"/>
      </object_component>
      <object_component id="oc-6b4">
         <name>.text:I2C_cancel</name>
         <load_address>0x1006722</load_address>
         <run_address>0x1006722</run_address>
         <size>0x26</size>
         <input_file_ref idref="fl-e"/>
      </object_component>
      <object_component id="oc-441">
         <name>.text:List_put</name>
         <load_address>0x1006748</load_address>
         <run_address>0x1006748</run_address>
         <size>0x26</size>
         <input_file_ref idref="fl-17"/>
      </object_component>
      <object_component id="oc-a13">
         <name>.text:List_remove</name>
         <load_address>0x100676e</load_address>
         <run_address>0x100676e</run_address>
         <size>0x26</size>
         <input_file_ref idref="fl-17"/>
      </object_component>
      <object_component id="oc-648">
         <name>.text:HwiP_dispatch</name>
         <load_address>0x1006794</load_address>
         <run_address>0x1006794</run_address>
         <size>0x24</size>
         <input_file_ref idref="fl-1c"/>
      </object_component>
      <object_component id="oc-966">
         <name>.text:PowerCC32XX_reset</name>
         <load_address>0x10067b8</load_address>
         <run_address>0x10067b8</run_address>
         <size>0x24</size>
         <input_file_ref idref="fl-13"/>
      </object_component>
      <object_component id="oc-c6">
         <name>.text:_c_int00_noargs:_c_int00_noargs</name>
         <load_address>0x10067dc</load_address>
         <run_address>0x10067dc</run_address>
         <size>0x24</size>
         <input_file_ref idref="fl-ea"/>
      </object_component>
      <object_component id="oc-83b">
         <name>.text:I2CMasterSlaveAddrSet</name>
         <load_address>0x1006800</load_address>
         <run_address>0x1006800</run_address>
         <size>0x22</size>
         <input_file_ref idref="fl-22"/>
      </object_component>
      <object_component id="oc-a1a">
         <name>.text:HwiP_destruct</name>
         <load_address>0x1006822</load_address>
         <run_address>0x1006822</run_address>
         <size>0x20</size>
         <input_file_ref idref="fl-1c"/>
      </object_component>
      <object_component id="oc-8e1">
         <name>.text:Power_unregisterNotify</name>
         <load_address>0x1006844</load_address>
         <run_address>0x1006844</run_address>
         <size>0x20</size>
         <input_file_ref idref="fl-13"/>
      </object_component>
      <object_component id="oc-952">
         <name>.text:RingBuf_peek</name>
         <load_address>0x1006864</load_address>
         <run_address>0x1006864</run_address>
         <size>0x20</size>
         <input_file_ref idref="fl-18"/>
      </object_component>
      <object_component id="oc-960">
         <name>.text:getPowerMgrId</name>
         <load_address>0x1006884</load_address>
         <run_address>0x1006884</run_address>
         <size>0x20</size>
         <input_file_ref idref="fl-16"/>
      </object_component>
      <object_component id="oc-65d">
         <name>.text:I2CMasterIntStatusEx</name>
         <load_address>0x10068a4</load_address>
         <run_address>0x10068a4</run_address>
         <size>0x1e</size>
         <input_file_ref idref="fl-22"/>
      </object_component>
      <object_component id="oc-4be">
         <name>.text:SemaphoreP_constructBinary</name>
         <load_address>0x10068c2</load_address>
         <run_address>0x10068c2</run_address>
         <size>0x1e</size>
         <input_file_ref idref="fl-1a"/>
      </object_component>
      <object_component id="oc-930">
         <name>.text:TimerDisable</name>
         <load_address>0x10068e0</load_address>
         <run_address>0x10068e0</run_address>
         <size>0x1e</size>
         <input_file_ref idref="fl-26"/>
      </object_component>
      <object_component id="oc-929">
         <name>.text:TimerEnable</name>
         <load_address>0x10068fe</load_address>
         <run_address>0x10068fe</run_address>
         <size>0x1e</size>
         <input_file_ref idref="fl-26"/>
      </object_component>
      <object_component id="oc-8a3">
         <name>.text:PinToPadGet</name>
         <load_address>0x100691c</load_address>
         <run_address>0x100691c</run_address>
         <size>0x1c</size>
         <input_file_ref idref="fl-24"/>
      </object_component>
      <object_component id="oc-549">
         <name>.text:SwiP_disable</name>
         <load_address>0x1006938</load_address>
         <run_address>0x1006938</run_address>
         <size>0x1c</size>
         <input_file_ref idref="fl-1f"/>
      </object_component>
      <object_component id="oc-5ad">
         <name>.text:free_list_remove</name>
         <load_address>0x1006954</load_address>
         <run_address>0x1006954</run_address>
         <size>0x1c</size>
         <input_file_ref idref="fl-e9"/>
      </object_component>
      <object_component id="oc-620">
         <name>.text:memccpy</name>
         <load_address>0x1006970</load_address>
         <run_address>0x1006970</run_address>
         <size>0x1c</size>
         <input_file_ref idref="fl-fd"/>
      </object_component>
      <object_component id="oc-978">
         <name>.text:ClockP_create</name>
         <load_address>0x100698c</load_address>
         <run_address>0x100698c</run_address>
         <size>0x1a</size>
         <input_file_ref idref="fl-1b"/>
      </object_component>
      <object_component id="oc-2cd">
         <name>.text:SemaphoreP_createBinary</name>
         <load_address>0x10069a6</load_address>
         <run_address>0x10069a6</run_address>
         <size>0x1a</size>
         <input_file_ref idref="fl-1a"/>
      </object_component>
      <object_component id="oc-22">
         <name>.text:resetISR</name>
         <load_address>0x10069c0</load_address>
         <run_address>0x10069c0</run_address>
         <size>0x1a</size>
         <input_file_ref idref="fl-1e"/>
      </object_component>
      <object_component id="oc-872">
         <name>.text:I2CMasterBusBusy</name>
         <load_address>0x10069da</load_address>
         <run_address>0x10069da</run_address>
         <size>0x18</size>
         <input_file_ref idref="fl-22"/>
      </object_component>
      <object_component id="oc-66f">
         <name>.text:I2CMasterIntDisableEx</name>
         <load_address>0x10069f2</load_address>
         <run_address>0x10069f2</run_address>
         <size>0x18</size>
         <input_file_ref idref="fl-22"/>
      </object_component>
      <object_component id="oc-84d">
         <name>.text:I2CMasterIntEnableEx</name>
         <load_address>0x1006a0a</load_address>
         <run_address>0x1006a0a</run_address>
         <size>0x18</size>
         <input_file_ref idref="fl-22"/>
      </object_component>
      <object_component id="oc-86c">
         <name>.text:I2CRxFIFOFlush</name>
         <load_address>0x1006a22</load_address>
         <run_address>0x1006a22</run_address>
         <size>0x18</size>
         <input_file_ref idref="fl-22"/>
      </object_component>
      <object_component id="oc-866">
         <name>.text:I2CTxFIFOFlush</name>
         <load_address>0x1006a3a</load_address>
         <run_address>0x1006a3a</run_address>
         <size>0x18</size>
         <input_file_ref idref="fl-22"/>
      </object_component>
      <object_component id="oc-55b">
         <name>.text:Power_getTransitionLatency</name>
         <load_address>0x1006a54</load_address>
         <run_address>0x1006a54</run_address>
         <size>0x18</size>
         <input_file_ref idref="fl-13"/>
      </object_component>
      <object_component id="oc-72b">
         <name>.text:Power_idleFunc</name>
         <load_address>0x1006a6c</load_address>
         <run_address>0x1006a6c</run_address>
         <size>0x18</size>
         <input_file_ref idref="fl-13"/>
      </object_component>
      <object_component id="oc-748">
         <name>.text:TimerCC32XX_getCount</name>
         <load_address>0x1006a84</load_address>
         <run_address>0x1006a84</run_address>
         <size>0x18</size>
         <input_file_ref idref="fl-15"/>
      </object_component>
      <object_component id="oc-936">
         <name>.text:TimerIntDisable</name>
         <load_address>0x1006a9c</load_address>
         <run_address>0x1006a9c</run_address>
         <size>0x18</size>
         <input_file_ref idref="fl-26"/>
      </object_component>
      <object_component id="oc-923">
         <name>.text:TimerIntEnable</name>
         <load_address>0x1006ab4</load_address>
         <run_address>0x1006ab4</run_address>
         <size>0x18</size>
         <input_file_ref idref="fl-26"/>
      </object_component>
      <object_component id="oc-9af">
         <name>.text:UARTBusy</name>
         <load_address>0x1006acc</load_address>
         <run_address>0x1006acc</run_address>
         <size>0x18</size>
         <input_file_ref idref="fl-27"/>
      </object_component>
      <object_component id="oc-a90">
         <name>.text:UARTIntEnable</name>
         <load_address>0x1006ae4</load_address>
         <run_address>0x1006ae4</run_address>
         <size>0x18</size>
         <input_file_ref idref="fl-27"/>
      </object_component>
      <object_component id="oc-331">
         <name>.text:UART_Params_init</name>
         <load_address>0x1006afc</load_address>
         <run_address>0x1006afc</run_address>
         <size>0x18</size>
         <input_file_ref idref="fl-10"/>
      </object_component>
      <object_component id="oc-495">
         <name>.text:_outc</name>
         <load_address>0x1006b14</load_address>
         <run_address>0x1006b14</run_address>
         <size>0x18</size>
         <input_file_ref idref="fl-df"/>
      </object_component>
      <object_component id="oc-219">
         <name>.text:gpioButtonFxn0</name>
         <load_address>0x1006b2c</load_address>
         <run_address>0x1006b2c</run_address>
         <size>0x18</size>
         <input_file_ref idref="fl-2"/>
      </object_component>
      <object_component id="oc-21f">
         <name>.text:gpioButtonFxn1</name>
         <load_address>0x1006b44</load_address>
         <run_address>0x1006b44</run_address>
         <size>0x18</size>
         <input_file_ref idref="fl-2"/>
      </object_component>
      <object_component id="oc-578">
         <name>.text</name>
         <load_address>0x1006b5c</load_address>
         <run_address>0x1006b5c</run_address>
         <size>0x18</size>
         <input_file_ref idref="fl-e3"/>
      </object_component>
      <object_component id="oc-323">
         <name>.text:timerCallback</name>
         <load_address>0x1006b74</load_address>
         <run_address>0x1006b74</run_address>
         <size>0x18</size>
         <input_file_ref idref="fl-2"/>
      </object_component>
      <object_component id="oc-847">
         <name>.text:I2CMasterBurstLengthSet</name>
         <load_address>0x1006b8c</load_address>
         <run_address>0x1006b8c</run_address>
         <size>0x16</size>
         <input_file_ref idref="fl-22"/>
      </object_component>
      <object_component id="oc-29a">
         <name>.text:PRCMHIBRegRead</name>
         <load_address>0x1006ba2</load_address>
         <run_address>0x1006ba2</run_address>
         <size>0x16</size>
         <input_file_ref idref="fl-25"/>
      </object_component>
      <object_component id="oc-294">
         <name>.text:PRCMHIBRegWrite</name>
         <load_address>0x1006bb8</load_address>
         <run_address>0x1006bb8</run_address>
         <size>0x16</size>
         <input_file_ref idref="fl-25"/>
      </object_component>
      <object_component id="oc-407">
         <name>.text:SemaphoreP_create</name>
         <load_address>0x1006bce</load_address>
         <run_address>0x1006bce</run_address>
         <size>0x16</size>
         <input_file_ref idref="fl-1a"/>
      </object_component>
      <object_component id="oc-809">
         <name>.text:strchr</name>
         <load_address>0x1006be4</load_address>
         <run_address>0x1006be4</run_address>
         <size>0x16</size>
         <input_file_ref idref="fl-fe"/>
      </object_component>
      <object_component id="oc-a4">
         <name>.text:CPUcpsid</name>
         <load_address>0x1006bfa</load_address>
         <run_address>0x1006bfa</run_address>
         <size>0x14</size>
         <input_file_ref idref="fl-21"/>
      </object_component>
      <object_component id="oc-448">
         <name>.text:HwiP_inISR</name>
         <load_address>0x1006c10</load_address>
         <run_address>0x1006c10</run_address>
         <size>0x14</size>
         <input_file_ref idref="fl-1c"/>
      </object_component>
      <object_component id="oc-87a">
         <name>.text:I2CSupport_masterFinish</name>
         <load_address>0x1006c24</load_address>
         <run_address>0x1006c24</run_address>
         <size>0x14</size>
         <input_file_ref idref="fl-12"/>
      </object_component>
      <object_component id="oc-35d">
         <name>.text:I2C_transfer</name>
         <load_address>0x1006c38</load_address>
         <run_address>0x1006c38</run_address>
         <size>0x14</size>
         <input_file_ref idref="fl-e"/>
      </object_component>
      <object_component id="oc-b0">
         <name>.text:IntVTableBaseSet</name>
         <load_address>0x1006c4c</load_address>
         <run_address>0x1006c4c</run_address>
         <size>0x14</size>
         <input_file_ref idref="fl-23"/>
      </object_component>
      <object_component id="oc-44e">
         <name>.text:Power_disablePolicy</name>
         <load_address>0x1006c60</load_address>
         <run_address>0x1006c60</run_address>
         <size>0x14</size>
         <input_file_ref idref="fl-13"/>
      </object_component>
      <object_component id="oc-8bf">
         <name>.text:Power_getDependencyCount</name>
         <load_address>0x1006c74</load_address>
         <run_address>0x1006c74</run_address>
         <size>0x14</size>
         <input_file_ref idref="fl-13"/>
      </object_component>
      <object_component id="oc-a8a">
         <name>.text:releasePowerConstraint</name>
         <load_address>0x1006c88</load_address>
         <run_address>0x1006c88</run_address>
         <size>0x14</size>
         <input_file_ref idref="fl-16"/>
      </object_component>
      <object_component id="oc-5f1">
         <name>.text:strlen</name>
         <load_address>0x1006c9c</load_address>
         <run_address>0x1006c9c</run_address>
         <size>0x14</size>
         <input_file_ref idref="fl-ff"/>
      </object_component>
      <object_component id="oc-378">
         <name>.text:HwiP_Params_init</name>
         <load_address>0x1006cb0</load_address>
         <run_address>0x1006cb0</run_address>
         <size>0x12</size>
         <input_file_ref idref="fl-1c"/>
      </object_component>
      <object_component id="oc-663">
         <name>.text:I2CMasterIntClearEx</name>
         <load_address>0x1006cc2</load_address>
         <run_address>0x1006cc2</run_address>
         <size>0x12</size>
         <input_file_ref idref="fl-22"/>
      </object_component>
      <object_component id="oc-95a">
         <name>.text:RingBuf_construct</name>
         <load_address>0x1006cd4</load_address>
         <run_address>0x1006cd4</run_address>
         <size>0x12</size>
         <input_file_ref idref="fl-18"/>
      </object_component>
      <object_component id="oc-a35">
         <name>.text:TimerIntClear</name>
         <load_address>0x1006ce6</load_address>
         <run_address>0x1006ce6</run_address>
         <size>0x12</size>
         <input_file_ref idref="fl-26"/>
      </object_component>
      <object_component id="oc-11b">
         <name>.text:main</name>
         <load_address>0x1006cf8</load_address>
         <run_address>0x1006cf8</run_address>
         <size>0x12</size>
         <input_file_ref idref="fl-4"/>
      </object_component>
      <object_component id="oc-626">
         <name>.text:wcslen</name>
         <load_address>0x1006d0a</load_address>
         <run_address>0x1006d0a</run_address>
[...]
         <value>0x1006d8d</value>
         <object_component_ref idref="oc-2d9"/>
      </symbol>
      <symbol id="sm-b58">
         <name>HwiP_disableInterrupt</name>
         <value>0x1006e19</value>
         <object_component_ref idref="oc-6a2"/>
      </symbol>
      <symbol id="sm-b88">
         <name>PowerCC32XX_initPolicy</name>
         <value>0x1002c93</value>
         <object_component_ref idref="oc-3f0"/>
      </symbol>
      <symbol id="sm-b89">
         <name>PowerCC32XX_sleepPolicy</name>
         <value>0x1002365</value>
         <object_component_ref idref="oc-3f6"/>
      </symbol>
      <symbol id="sm-bde">
         <name>resetISR</name>
         <value>0x10069c1</value>
         <object_component_ref idref="oc-22"/>
      </symbol>
      <symbol id="sm-bdf">
         <name>resetVectorAddr</name>
         <value>0x10069d4</value>
         <object_component_ref idref="oc-22"/>
      </symbol>
      <symbol id="sm-be0">
         <name>initVectors</name>
         <value>0x100626d</value>
         <object_component_ref idref="oc-5a"/>
      </symbol>
      <symbol id="sm-be1">
         <name>resetVectors</name>
         <value>0x1000800</value>
         <object_component_ref idref="oc-28"/>
      </symbol>
      <symbol id="sm-c11">
         <name>SwiP_disable</name>
         <value>0x1006939</value>
         <object_component_ref idref="oc-549"/>
      </symbol>
      <symbol id="sm-c12">
         <name>SwiP_restore</name>
         <value>0x1005d89</value>
         <object_component_ref idref="oc-583"/>
      </symbol>
      <symbol id="sm-c1d">
         <name>CPUcpsid</name>
         <value>0x1006bfb</value>
         <object_component_ref idref="oc-a4"/>
      </symbol>
      <symbol id="sm-c8a">
         <name>I2CRxFIFOFlush</name>
         <value>0x1006a23</value>
         <object_component_ref idref="oc-86c"/>
      </symbol>
      <symbol id="sm-c8b">
         <name>I2CTxFIFOFlush</name>
         <value>0x1006a3b</value>
         <object_component_ref idref="oc-866"/>
      </symbol>
      <symbol id="sm-c8c">
         <name>I2CFIFODataPutNonBlocking</name>
         <value>0x100665b</value>
         <object_component_ref idref="oc-681"/>
      </symbol>
      <symbol id="sm-c8d">
         <name>I2CMasterBusBusy</name>
         <value>0x10069db</value>
         <object_component_ref idref="oc-872"/>
      </symbol>
      <symbol id="sm-c8e">
         <name>I2CMasterIntDisableEx</name>
         <value>0x10069f3</value>
         <object_component_ref idref="oc-66f"/>
      </symbol>
      <symbol id="sm-c8f">
         <name>I2CMasterBurstLengthSet</name>
         <value>0x1006b8d</value>
         <object_component_ref idref="oc-847"/>
      </symbol>
      <symbol id="sm-c90">
         <name>I2CMasterIntClearEx</name>
         <value>0x1006cc3</value>
         <object_component_ref idref="oc-663"/>
      </symbol>
      <symbol id="sm-c91">
         <name>I2CMasterSlaveAddrSet</name>
         <value>0x1006801</value>
         <object_component_ref idref="oc-83b"/>
      </symbol>
      <symbol id="sm-c92">
         <name>I2CMasterIntEnableEx</name>
         <value>0x1006a0b</value>
         <object_component_ref idref="oc-84d"/>
      </symbol>
      <symbol id="sm-c93">
         <name>I2CFIFOStatus</name>
         <value>0x1006d9d</value>
         <object_component_ref idref="oc-687"/>
      </symbol>
      <symbol id="sm-c94">
         <name>I2CMasterIntStatusEx</name>
         <value>0x10068a5</value>
         <object_component_ref idref="oc-65d"/>
      </symbol>
      <symbol id="sm-c95">
         <name>I2CFIFODataGetNonBlocking</name>
         <value>0x10066fd</value>
         <object_component_ref idref="oc-833"/>
      </symbol>
      <symbol id="sm-cda">
         <name>IntVTableBaseSet</name>
         <value>0x1006c4d</value>
         <object_component_ref idref="oc-b0"/>
      </symbol>
      <symbol id="sm-cdb">
         <name>IntEnable</name>
         <value>0x1003fc5</value>
         <object_component_ref idref="oc-b6"/>
      </symbol>
      <symbol id="sm-cdc">
         <name>IntMasterDisable</name>
         <value>0x1006ec9</value>
         <object_component_ref idref="oc-54"/>
      </symbol>
      <symbol id="sm-cdd">
         <name>IntPendSet</name>
         <value>0x1004709</value>
         <object_component_ref idref="oc-8d5"/>
      </symbol>
      <symbol id="sm-d17">
         <name>PinModeGet</name>
         <value>0x1006421</value>
         <object_component_ref idref="oc-2b2"/>
      </symbol>
      <symbol id="sm-d18">
         <name>PinConfigSet</name>
         <value>0x1004791</value>
         <object_component_ref idref="oc-36c"/>
      </symbol>
      <symbol id="sm-d19">
         <name>PinModeSet</name>
         <value>0x1005f1d</value>
         <object_component_ref idref="oc-2b8"/>
      </symbol>
      <symbol id="sm-d1a">
         <name>PinToPadGet</name>
         <value>0x100691d</value>
         <object_component_ref idref="oc-8a3"/>
      </symbol>
      <symbol id="sm-de3">
         <name>PRCMLPDSRestoreInfoSet</name>
         <value>0x1005cbd</value>
         <object_component_ref idref="oc-8b7"/>
      </symbol>
      <symbol id="sm-de4">
         <name>PRCMPeripheralReset</name>
         <value>0x100547d</value>
         <object_component_ref idref="oc-2a6"/>
      </symbol>
      <symbol id="sm-de5">
         <name>PRCMLPDSEnter</name>
         <value>0x1005acd</value>
         <object_component_ref idref="oc-712"/>
      </symbol>
      <symbol id="sm-de6">
         <name>PRCMPeripheralClkEnable</name>
         <value>0x1005b15</value>
         <object_component_ref idref="oc-2a0"/>
      </symbol>
      <symbol id="sm-de7">
         <name>PRCMLPDSEnterKeepDebugIf</name>
         <value>0x10061c5</value>
         <object_component_ref idref="oc-718"/>
      </symbol>
      <symbol id="sm-de8">
         <name>PRCMCC3200MCUInit</name>
         <value>0x1001291</value>
         <object_component_ref idref="oc-1cf"/>
      </symbol>
      <symbol id="sm-de9">
         <name>PRCMHIBRegWrite</name>
         <value>0x1006bb9</value>
         <object_component_ref idref="oc-294"/>
      </symbol>
      <symbol id="sm-dea">
         <name>PRCMSysResetCauseGet</name>
         <value>0x1005251</value>
         <object_component_ref idref="oc-28d"/>
      </symbol>
      <symbol id="sm-deb">
         <name>PRCMPeripheralClkDisable</name>
         <value>0x1006685</value>
         <object_component_ref idref="oc-2ac"/>
      </symbol>
      <symbol id="sm-dec">
         <name>PRCMHIBRegRead</name>
         <value>0x1006ba3</value>
         <object_component_ref idref="oc-29a"/>
      </symbol>
      <symbol id="sm-e34">
         <name>TimerLoadSet</name>
         <value>0x1006607</value>
         <object_component_ref idref="oc-91c"/>
      </symbol>
      <symbol id="sm-e35">
         <name>TimerDisable</name>
         <value>0x10068e1</value>
         <object_component_ref idref="oc-930"/>
      </symbol>
      <symbol id="sm-e36">
         <name>TimerEnable</name>
         <value>0x10068ff</value>
         <object_component_ref idref="oc-929"/>
      </symbol>
      <symbol id="sm-e37">
         <name>TimerIntDisable</name>
         <value>0x1006a9d</value>
         <object_component_ref idref="oc-936"/>
      </symbol>
      <symbol id="sm-e38">
         <name>TimerPrescaleSet</name>
         <value>0x1006631</value>
         <object_component_ref idref="oc-916"/>
      </symbol>
      <symbol id="sm-e39">
         <name>TimerControlStall</name>
         <value>0x100634d</value>
         <object_component_ref idref="oc-a2d"/>
      </symbol>
      <symbol id="sm-e3a">
         <name>TimerIntEnable</name>
         <value>0x1006ab5</value>
         <object_component_ref idref="oc-923"/>
      </symbol>
      <symbol id="sm-e3b">
         <name>TimerIntClear</name>
         <value>0x1006ce7</value>
         <object_component_ref idref="oc-a35"/>
      </symbol>
      <symbol id="sm-e4f">
         <name>UARTBusy</name>
         <value>0x1006acd</value>
         <object_component_ref idref="oc-9af"/>
      </symbol>
      <symbol id="sm-e50">
         <name>UARTIntEnable</name>
         <value>0x1006ae5</value>
         <object_component_ref idref="oc-a90"/>
      </symbol>
      <symbol id="sm-e54">
         <name>UtilsDelay</name>
         <value>0x1006f23</value>
         <object_component_ref idref="oc-293"/>
      </symbol>
      <symbol id="sm-e64">
         <name>FlashDisable</name>
         <value>0x1005a85</value>
         <object_component_ref idref="oc-8cd"/>
      </symbol>
      <symbol id="sm-e93">
         <name>snprintf</name>
         <value>0x1005a39</value>
         <object_component_ref idref="oc-33f"/>
      </symbol>
      <symbol id="sm-e9d">
         <name>__aeabi_fmul</name>
         <value>0x1004c2b</value>
         <object_component_ref idref="oc-515"/>
      </symbol>
      <symbol id="sm-ea7">
         <name>__aeabi_f2iz</name>
         <value>0x10062dd</value>
         <object_component_ref idref="oc-51a"/>
      </symbol>
      <symbol id="sm-eb2">
         <name>__aeabi_i2f</name>
         <value>0x1006315</value>
         <object_component_ref idref="oc-510"/>
      </symbol>
      <symbol id="sm-ebb">
         <name>__aeabi_lmul</name>
         <value>0x1006b5d</value>
         <object_component_ref idref="oc-578"/>
      </symbol>
      <symbol id="sm-ed6">
         <name>memcpy</name>
         <value>0x1004395</value>
         <object_component_ref idref="oc-3c"/>
      </symbol>
      <symbol id="sm-ed7">
         <name>__aeabi_memcpy</name>
         <value>0x1004395</value>
         <object_component_ref idref="oc-3c"/>
      </symbol>
      <symbol id="sm-ed8">
         <name>__aeabi_memcpy8</name>
         <value>0x1004395</value>
         <object_component_ref idref="oc-3c"/>
      </symbol>
      <symbol id="sm-ed9">
         <name>__aeabi_memcpy4</name>
         <value>0x1004395</value>
         <object_component_ref idref="oc-3c"/>
      </symbol>
      <symbol id="sm-ee6">
         <name>__aeabi_uldivmod</name>
         <value>0x10044c9</value>
         <object_component_ref idref="oc-56d"/>
      </symbol>
      <symbol id="sm-ef8">
         <name>__TI_zero_init</name>
         <value>0x1006e91</value>
         <object_component_ref idref="oc-4e"/>
      </symbol>
      <symbol id="sm-f0f">
         <name>__TI_decompress_none</name>
         <value>0x1006e5f</value>
         <object_component_ref idref="oc-1b"/>
      </symbol>
      <symbol id="sm-f32">
         <name>__TI_decompress_lzss</name>
         <value>0x10050b9</value>
         <object_component_ref idref="oc-15"/>
      </symbol>
      <symbol id="sm-fbb">
         <name>_sys_memory</name>
         <value>0x20000310</value>
         <object_component_ref idref="oc-2b"/>
      </symbol>
      <symbol id="sm-fbc">
         <name>free</name>
         <value>0x100362d</value>
         <object_component_ref idref="oc-412"/>
      </symbol>
      <symbol id="sm-fbd">
         <name>memalign</name>
         <value>0x1003241</value>
         <object_component_ref idref="oc-6c1"/>
      </symbol>
      <symbol id="sm-fbe">
         <name>malloc</name>
         <value>0x1006ef9</value>
         <object_component_ref idref="oc-4f1"/>
      </symbol>
      <symbol id="sm-fbf">
         <name>aligned_alloc</name>
         <value>0x1003241</value>
         <object_component_ref idref="oc-6c1"/>
      </symbol>
      <symbol id="sm-fd1">
         <name>__stack</name>
         <value>0x2003f000</value>
         <object_component_ref idref="oc-2e"/>
      </symbol>
      <symbol id="sm-fd2">
         <name>_c_int00_noargs</name>
         <value>0x10067dd</value>
         <object_component_ref idref="oc-c6"/>
      </symbol>
      <symbol id="sm-1137">
         <name>__TI_printfi</name>
         <value>0x1000841</value>
         <object_component_ref idref="oc-489"/>
      </symbol>
      <symbol id="sm-1141">
         <name>__aeabi_idiv0</name>
         <value>0x10057cb</value>
         <object_component_ref idref="oc-6e3"/>
      </symbol>
      <symbol id="sm-1142">
         <name>__aeabi_ldiv0</name>
         <value>0x10057cb</value>
         <object_component_ref idref="oc-6e3"/>
      </symbol>
      <symbol id="sm-1159">
         <name>__aeabi_dsub</name>
         <value>0x10021ad</value>
         <object_component_ref idref="oc-7dd"/>
      </symbol>
      <symbol id="sm-115a">
         <name>__aeabi_dadd</name>
         <value>0x10021b7</value>
         <object_component_ref idref="oc-7dd"/>
      </symbol>
      <symbol id="sm-117c">
         <name>__aeabi_cdcmpeq</name>
         <value>0x10048a1</value>
         <object_component_ref idref="oc-603"/>
      </symbol>
      <symbol id="sm-117d">
         <name>__aeabi_cdcmple</name>
         <value>0x10048a1</value>
         <object_component_ref idref="oc-603"/>
      </symbol>
      <symbol id="sm-117e">
         <name>__aeabi_cdrcmple</name>
         <value>0x1004927</value>
         <object_component_ref idref="oc-7c8"/>
      </symbol>
      <symbol id="sm-1192">
         <name>__aeabi_ddiv</name>
         <value>0x1002b5d</value>
         <object_component_ref idref="oc-7c3"/>
      </symbol>
      <symbol id="sm-119d">
         <name>__aeabi_dmul</name>
         <value>0x100343d</value>
         <object_component_ref idref="oc-7be"/>
      </symbol>
      <symbol id="sm-11a7">
         <name>__aeabi_d2iz</name>
         <value>0x1005ba5</value>
         <object_component_ref idref="oc-7cd"/>
      </symbol>
      <symbol id="sm-11b1">
         <name>__aeabi_i2d</name>
         <value>0x1006581</value>
         <object_component_ref idref="oc-7d8"/>
      </symbol>
      <symbol id="sm-11c0">
         <name>__aeabi_memset</name>
         <value>0x1004ca7</value>
         <object_component_ref idref="oc-9e"/>
      </symbol>
      <symbol id="sm-11c1">
         <name>memset</name>
         <value>0x1004cad</value>
         <object_component_ref idref="oc-9e"/>
      </symbol>
      <symbol id="sm-11c2">
         <name>__aeabi_memset8</name>
         <value>0x1004ca7</value>
         <object_component_ref idref="oc-9e"/>
      </symbol>
      <symbol id="sm-11c3">
         <name>__aeabi_memset4</name>
         <value>0x1004ca7</value>
         <object_component_ref idref="oc-9e"/>
      </symbol>
      <symbol id="sm-11c4">
         <name>__aeabi_memclr8</name>
         <value>0x1004ca5</value>
         <object_component_ref idref="oc-9e"/>
      </symbol>
      <symbol id="sm-11c5">
         <name>__aeabi_memclr4</name>
         <value>0x1004ca5</value>
         <object_component_ref idref="oc-9e"/>
      </symbol>
      <symbol id="sm-11c6">
         <name>__aeabi_memclr</name>
         <value>0x1004ca5</value>
         <object_component_ref idref="oc-9e"/>
      </symbol>
      <symbol id="sm-11ee">
         <name>__TI_auto_init_nobinit_nopinit</name>
         <value>0x1005e55</value>
         <object_component_ref idref="oc-173"/>
      </symbol>
      <symbol id="sm-11f8">
         <name>_system_pre_init</name>
         <value>0x1006f35</value>
         <object_component_ref idref="oc-115"/>
      </symbol>
      <symbol id="sm-1204">
         <name>C$$EXIT</name>
         <value>0x1006f39</value>
         <object_component_ref idref="oc-167"/>
      </symbol>
      <symbol id="sm-1205">
         <name>abort</name>
         <value>0x1006f39</value>
         <object_component_ref idref="oc-167"/>
      </symbol>
      <symbol id="sm-121a">
         <name>_nop</name>
         <value>0x10038ab</value>
         <object_component_ref idref="oc-3b8"/>
      </symbol>
      <symbol id="sm-121b">
         <name>_lock</name>
         <value>0x200088b4</value>
         <object_component_ref idref="oc-240"/>
      </symbol>
      <symbol id="sm-121c">
         <name>_unlock</name>
         <value>0x200088b8</value>
         <object_component_ref idref="oc-240"/>
      </symbol>
      <symbol id="sm-122b">
         <name>__TI_ltoa</name>
         <value>0x10055d9</value>
         <object_component_ref idref="oc-7d2"/>
      </symbol>
      <symbol id="sm-1242">
         <name>atoi</name>
         <value>0x10059a1</value>
         <object_component_ref idref="oc-5f7"/>
      </symbol>
      <symbol id="sm-124d">
         <name>_ctypes_</name>
         <value>0x1006f3c</value>
         <object_component_ref idref="oc-7b7"/>
      </symbol>
      <symbol id="sm-125d">
         <name>memccpy</name>
         <value>0x1006971</value>
         <object_component_ref idref="oc-620"/>
      </symbol>
      <symbol id="sm-126d">
         <name>strchr</name>
         <value>0x1006be5</value>
         <object_component_ref idref="oc-809"/>
      </symbol>
      <symbol id="sm-127b">
         <name>strlen</name>
         <value>0x1006c9d</value>
         <object_component_ref idref="oc-5f1"/>
      </symbol>
      <symbol id="sm-1291">
         <name>__aeabi_errno_addr</name>
         <value>0x1006ef1</value>
         <object_component_ref idref="oc-62c"/>
      </symbol>
      <symbol id="sm-1292">
         <name>errno</name>
         <value>0x200088dc</value>
         <object_component_ref idref="oc-819"/>
      </symbol>
      <symbol id="sm-12ab">
         <name>wcslen</name>
         <value>0x1006d0b</value>
         <object_component_ref idref="oc-626"/>
      </symbol>
      <symbol id="sm-12cb">
         <name>frexpl</name>
         <value>0x100536d</value>
         <object_component_ref idref="oc-7fd"/>
      </symbol>
      <symbol id="sm-12cc">
         <name>frexp</name>
         <value>0x100536d</value>
         <object_component_ref idref="oc-7fd"/>
      </symbol>
      <symbol id="sm-12ea">
         <name>scalbn</name>
         <value>0x1003711</value>
         <object_component_ref idref="oc-803"/>
      </symbol>
      <symbol id="sm-12eb">
         <name>scalbnl</name>
         <value>0x1003711</value>
         <object_component_ref idref="oc-803"/>
      </symbol>
      <symbol id="sm-12ec">
         <name>ldexpl</name>
         <value>0x1003711</value>
         <object_component_ref idref="oc-803"/>
      </symbol>
      <symbol id="sm-12ed">
         <name>ldexp</name>
         <value>0x1003711</value>
         <object_component_ref idref="oc-803"/>
      </symbol>
      <symbol id="sm-12f7">
         <name>copysign</name>
         <value>0x1006e85</value>
         <object_component_ref idref="oc-9dc"/>
      </symbol>
      <symbol id="sm-12f8">
         <name>copysignl</name>
         <value>0x1006e85</value>
         <object_component_ref idref="oc-9dc"/>
      </symbol>
      <symbol id="sm-12f9">
         <name>__TI_static_base__</name>
         <value>0x1007458</value>
      </symbol>
      <symbol id="sm-12fc">
         <name>ITM_flush</name>
         <value>0x0</value>
      </symbol>
      <symbol id="sm-12fd">
         <name>ITM_restore</name>
         <value>0x0</value>
      </symbol>
      <symbol id="sm-12fe">
         <name>__mpu_init</name>
         <value>0x0</value>
      </symbol>
      <symbol id="sm-12ff">
         <name>_system_post_cinit</name>
         <value>0x0</value>
      </symbol>
      <symbol id="sm-1300">
         <name>NoRTOS_start</name>
         <value>0x1006e27</value>
      </symbol>
   </symbol_table>
   <title>Link successful</title>
</link_info>
